// Jest Snapshot v1, https://goo.gl/fbAQLP

exports[`matches snapshot 1`] = `
<DocumentFragment>
  <div
    data-test-id="todo"
  >
     
    <button>
      X
    </button>
  </div>
</DocumentFragment>
`;
